
(venv) C:\Users\Owner\PycharmProjects\Project_Calculator\test>pytest test_functions.py -v
=================================================================================== test session starts ====================================================================================
platform win32 -- Python 3.8.3, pytest-5.4.3, py-1.9.0, pluggy-0.13.1 -- c:\users\owner\appdata\local\programs\python\python38-32\python.exe
cachedir: .pytest_cache
rootdir: C:\Users\Owner\PycharmProjects\Project_Calculator\test
collected 5 items

test_functions.py::test_sum PASSED                                                                                                                                                    [ 20%]
test_functions.py::test_subtract PASSED                                                                                                                                               [ 40%]
test_functions.py::test_multiply PASSED                                                                                                                                               [ 60%]
test_functions.py::test_divide PASSED                                                                                                                                                 [ 80%]
test_functions.py::test_power PASSED                                                                                                                                                  [100%]

==================================================================================== 5 passed in 0.02s =====================================================================================
